","
"проваливаться"
#.
('label')
(i)
(Справочник
(для
//
//break;
0;
1:
2:
3:
3;
9
=
Academy
Azure
BizSpark
C#
C#).
CS0163
CS0163.
CS0163.cs
Channel
Codeplex
Compiler
Connection
Console.WriteLine("Default");
DreamSpark
Faculty
MSDN
Magazine
Main()
Microsoft
MyClass
Office
Phone
Student
Studio
TechDays
To
Virtual
Visual
Windows
break
break;
case
class
continue
default:
error
error,
example
following
goto
i
i++;
int
is
line.
line:
of
on
one
public
reported
resolve
return
return;
statements.
static
switch
the
throw
uncomment
void
{
}
Блоги
ДОБАВИТЬ
Добавления
Дополнительные
Другие
Если
Поддержка
Программы
Самостоятельная
Следующий
Сообщество
Управление
Учебные
Форумы
Центры
более
в
варианты
включая
возникновению
выполнить
другую
и
из
инструкции
используйте
к
каждый
ключа,
ключевых
кода
материалы
материалы…
метки
может
не
необходимо
один
один,
одного
одной
оператор
ошибки
переход
по
поддержка
поддержки
помощью
последний
приводит
пример
примеры
раздел
раздел,
раздела
разделе
разработки
расширение
реализовать
с
сведения
следующему,
следующих
слов:
см.
содержит
сообщества
стартапов)
упадите
функциональности
чем
через
явно
