*
2013.
2014
Android
Card
MasterCard
Phone
QIWI
QIWI,
Visa
Wallet
Windows
iPad
iPhone
©
«Синовейт
БУДЬТЕ
Банк
Бизнесу
Войти
Всегда
Вы
Деньги
Достаточно
Другие
Забыли
Зарегистрируйте
Инвесторам
Исследования
КИВИ
Карта
Комкон»
Кредиты
Начать
ООО
Оферта
ПЛАТИТЕ
ПОПОЛНЯЙТЕ
Переводы
Платить
Покупки
Помощь
Регистрация
России*
Русский
С
Сделать
Снять
Создать
Способы
Терминалов
УВЕРЕНЫ
Что
банк.
банковскую
банкомате
без
безопасно
бесплатной
бренду
в
ваш
визита
виртуальной
всему
даже
данным
деньги
для
ею
за
защищены
и
из
или
интернет-магазине
исследовательской
к
картой
карту
карты
ключ
комиссии
компании
конфиденциальны
кошелек
кошелька
кошельками
кошельке
кошельком
кредит
критериям
легко
лояльности
любом
между
минут,
минуту
мир
миру
можете
мой
моментально
на
надежно
наличные
не
ноябрь
онлайн
онлайн-играх
оплатить
отправить
отправлять
пароль?
пары
переводить
переводов.
переводы
планшетов
пластиковой
платеж
платежи
платформы
по
погасить
под
покупках
покупку
покупок
получить
пользоваться
пополнения
пополняя
при
приложении
проводились
развлечений
расплачивайтесь
реквизитов
рукой
сети
сетях
системы
смартфонов
социальных
счета
такое
терминальной
удобно
удобном
узнаваемости
указания
ходу
через
чтобы
электронном
электронным
–
—
№1
