"Заработная
(4мм,
(680-1050нм),
(850
(PHP,
(Python)
(без
(дизайн)
(дизайнер)
(доступна
(и
(и,
(ссылка
(чаще
+
+1
-
.NET*,
.NET-компиляторов
/
000
00:59
06май
07май
08май
1
1.0
1.6
10
10000
10149
10348
108
10:39
11
1113,3
11:45
11май
12
12май
13
132
13463
134cissav
14
144UA3MQJ
14875
14:01
14:55
15
15:58
1778,6
1834
19:41
19xotta6bl4
1С
2
20
200
2006–2014
2013.
2014
21:06
21:22
22,5
22,9
236
23:54
2420
25AraneusAdoro
25betrachtung
26
27BarsMonster
27The
28465
29
2]
3
3-4
30
32
322
36
37Lance
38
38,2
3D-принтеры,
3D-рисования
3D-ручки
3D-ручки.
41416
45
49,5
50
50-летия
50мм)
5151
51alizar
57,6
6.1
624
65345
6622
6мм
7
7784
80
82alizar
92,9
93,3
940нм),
9747
<br>
<br>(3
AdRiver
Android
Android*
BASIC
BUILD
Backend
Basic
Bitcoin
Brainstorage
Bug»
Builders
Canary,
Cassandra
Chrome
Chrome*,
Cisco
CoffeeScript/JS+Backbone.js
Computer
Controller
Dartmouth
Data
Designer
Developer
Domino
EC
East
Erlang/OTP*,
Facebook,
Firefox
Flash/Flex
Front-end-разработчик
GenerationS-2014
Google
Google;
Heartbleed
ID
Kickstarter
LIX
Led
Like.
MMORPG-проекта
Mail.Ru
Maths,
Media
Mihail_R
Mining*,
Mozilla
Node.js»
Nokia
Nuget
Nuget-пакетов),
Numberphile
Offline
Omnidesk,
OpenSSL
PHP
PHP-разработчик
Pen
Php
Play
Prestashop
Q&A-сервис
QuickBasic.
QuickVB
QuickVB,
QuickVB.
QuickVB.zip
RGB
Rails
Rails-разработчик
Robotron
Roslyn
Ruby
S+S*,
SCRUM
SQL)
SaaS
Sr.
Standup
Streaming
Studio
TAILS
TM
Target
Tea…
Thrift
TimeCoder
Tor
Torso.
URL
URL?
UX/UI
Ulanoff
Unity
Visual
Web-программист
Web-разработчик
Webdriver
WiFi
Windows
X
Yii
Yii2
YouTube
YouTube,
[1,
angular.js
chrome://flags/#origin-chip-in-omnibox
developer
django-cms
extension
iOS
iOS-разработчик
indexedDb
lexkazakov
on
phone
psd
web/mobile
©
«SCRUM:
«The
«Интернет»
«Киев
«Она
«Почему
«Путешествия
«создание
А
Адаптивная
Алгоритмы*
Анимационный
Аравия,
Асинхронный
Бейсик)
Бейсика
Бейсика,
Бейсику!
Бесплатный
Ближайшие
Блог
Блогосфера
Браузеры*
В
Введение
Веб-разработчик
Вебинар:
Ведущий
Венета
Верстальщик/
Верстка
Воздержалось
Войдите,
Войнича
Войти
Все
Вышла
Вьетнам.
Гаджеты.
Греция,
Даже
Дальше
Дартмутского
Два
Дизайнер
Доработать
Доработка
Есть
За
Задача
Заказы
Запустив
Знания,
ИК
ИМ
ИТ
Идея
Интерфейсы*,
Инфо
Информационная
Исследование
История
Каждый
Как
Колледжа
Команда
Компании
Компания
Компания,
Компиляторы*,
Компьютер
Корпоративные
Лишь
Лучшие
Льготы
Люди
Люксембург,
Манускрипта
Марса
Мобильная
Мобильное
Мобильные
Мосигра
Мы
Мэтт
На
Настройка
Не
Недавно
Немного
Ненормальное
Необходим
Необходимо
Ничего
Новые
О
Облако
Обработка
Общий
Однажды
Оказывается,
Омнидеском
Он
Она
Они
Организовать
Параллельное
Паркер,
Первая
Переписать
Песочница
Под
Пожалуй,
Пока
Пользователи
Пользователь
Помощь
Порывшись
Последний
Посты
Поэтому
Правила
Практика
Предварительные
Проголосовало
Программирование
Программист
Продажа
Прочитав
Путешествия
Пятьдесят
Работа
Разделы
Разработать
Разработка
Разработчик
Разумеется,
Раритетный
Распространённый
Регистрация
Реклама
России
Румыния,
Сайт
Самая
Саудовская
Сделать
Семинары
Систем
Словакия,
Служба
События
Соглашение
Создание
Спецпроекты
Стоит
Также
Тематические
Тестировщик
Технический
Только
Турция,
Украина,
Украины
Управление
Ура,
Услуги
Устройства
Учитываются
Уютная
Федеральный
Физика*,
Хабранавигатор
Хабы
Читать
Что
Что-ж,
Чтобы
Швеции
Я
а
адаптация
адрес
адресной
активно
алгоритма.
алгоритмического
американская
анкеты
апреля
арестовывать
архив
атаки
баллов<br>
банковской
баннера
баннеров
бд
без
безопасность*
беременности
беременность
беременных
бесплатно
бизнеса.
бизнесы,
блогах
больше
большого
будет
будущих
бы
была
были
было
в
вакансии
вам
вам,
вас
ввести
ввода,
веб-интерфейс
веб-приложений
вебинар:
вектор
версии
версию
версия
версия,
верстка
взаимодействующий
виде
видео*,
видеоматериала
видеоролик
видеороликов
видимые
виодеоканал
владельцу
во
воздухе.
возможно,
возможностей.
возможность
войти
волн
волн?
воображаемых
вообще),
восьми
времени
времени,
время
все
все-таки
всегда
всего
всему
всех
вспомнил
встреча
всё
вчера
вы
выбор
выглядел
выйдет
вычисления
вычислениях
вычисляющего
вышла
гиков
глазу
года
году.
голове
голосования
готовы
даже
далеки
дальнейших
дальше
данных
дата-майнинг
двумя
двух
девушки
дедушки
действительно
действиями
делают
дело
деталей
детских
детской
детскую
диалекта
диапазону
дизайн
дизайнерских
дисконтной
дистрибутива
дитя
длин
длинами
длиной
для
дня
до
домашний
домино
домино.
достиг
друг
друга.
другими
другому
дружелюбная
ее
ей
ерланг.
если
есть
ещё
её
же
женщин,
женщина
жестикулируем
жесты
жизни
за
зависимости.
задачи.
задачу,
заказы
запрос
запустите
зарегистрированные
затем
затронул
захватом
защищённого
звуками.
знаю
и
игр
идея
идея,
идея:
из
избежать
изделий
изображая
изображений*
или
именно
имеющие
иного
интересно:
интересную
интернет-магазина
интернета
интерфейсов
информацию.
инфракрасного
инфракрасные
исключительно
использовала
испытаний
испытывает
исследования
истек
истины!
истокам.
истории
исчезновения
июля.
к
кадр
каждом
каждом.
каждый
казался
как
камеру
каналах
каналы
карте.
катом
катом.
кино
клиент
клику:
кнопки
кнопкой
когда
кожи
количества
количество
команде
командой
компании
компании.
компаний,
комплект
компьютер
конечно,
конкурс
конференции
конце
концом
корпоративных
космосе
костей
которая
которой
котором
которые
который
которых
красным
критерий
кричал
кто
купоны
курсовую
лет
ли
логотип
логотипчик
майские
макетов
максимальное
мала
маленькая
мало
маркетинговые
маркетинговых
материальные,
медленный
между
менеджер
меня
месте
месяц
мир
мир,
мира,
мире
миров
миров.
миров»
миру,
миф
мне
многие
многих
много
могли
могут
можно
мозги
момента
мы
на
набрал
наверное,
навсегда
нагрузить
над
надо,
наемной
назад
назад,
найти
напечатать
нарисовать
нарушает
нас
насколько
настройки
настрою
находятся
начале
начать
начинал
нашей
нашим
не
недавно,
неделю
неизбежным.
неизвестному
нельзя
немного
необходимые
нескольких
нет
неудобным
никуда,
них
но
нова,
нововведение
нововведением
новость
новые
новый
новых
нравится
нужен
о
обеспечения
обкатывается
области)
обнаружил
обратной
обсуждают?
объектива
объекты.
объем
одежду
один
однозначно
одном
однотонными
они
онлайн-сервиса,
определит,
опросе.
опубликовал
опубликованных
основан
особой
остаётся
от
отец.
отключении
отключено
отличается
отметившийся
отметить,
относительно
относитесь
отображение
отображения
оттенков
очень
пакетов
памперсы?»,
перебор,
перевод
переключатель
перекрывать
перспективе
писали
плата"
платформе
платформы
платят
по
повышает
под
подборке
поддержки
подкинул
подключили
подписчиков
подходящую
пожалуйста.
позволяют
поздравить
поздравлениям
поиска
поисковых
пока
показать
покупок
покупок.
полезны,
полем
полицейских
получаемые
пользователей,
пользователем.
пользователи
пользовательских
пользователю
пользователю,
пользуюсь
помог
помогают
помощью
поностальгировать
понял,
понятно,
попробовать
попробуем
популярного
пор
после
посмотреть.
пост
пост:
поста)
постах
построили,
постсоветсткого
посты
посты,
постыq&aсобытияхабыкомпании
посылаете
потому
потребителя.
потребляет
похожа
почти
поэтому
появился
появляются
правильно?»
праздники
празднуют
практические
превратить
преддверии
предпринимателя.
предсказуемых
представлена
представляем
прекрасный
прекратилась.
прессуют
привязанность
привязкой
придумать
приехала
приложение
приложений
приложения
примерно
принадлежит
принципы
присоединяется
про
пробная
программе
программирование*
программирование*,
программирование,
программирование»
программировании,
программирования
программист
программисту
программисты
продавать
продвижения
продвинутым
проект
проекта
проектами*
проектах
проектов
проектом,
производители
производстве.
произвольного
проиллюстрировать
происходило
происхождения.
прокручивал
просто
простой
простому
пространства
профиля
прохождении
прошедшие
проще
прямоугольниками
публикации).
путем.
пути
путь
пытаемся
пытаются
пятидесятилетием!
работа
работает?»
работая
работе
работе,
работу
работу,
работы
равно:
раз
раз,
разветвляющихся
развивалась
развивался
разгаре,
разговора
размера,
размеры
разные
разным
разработчик
разработчикам
разработчиков
раньше,
распакуйте
рассерженный
расскажу,
расчитанные
расшифровке
реакцию
реализацией
реализации
реализовать
реального
реальность
реальный
редакции
рекламы
речь
решением
решил
решить
рисовать
ритейлеры
ролик
руками
ручка
с
сайт
сайта
сайте
сам
самом
самый
сборка
свершений.
свете.
свои
своим
свой
связанные
связи
себя
сегодня
сейчас
секунд
секунде
секундный
семейство
серверной
серверов
серебра
сеть
синей
синим
сих
сказал,
скачает
скопирует
скромные
скрыть
следующих
слова,
смог
смог.
смотрят
смысл
со
соберите
собственного
собственной
события
совершенства.
создания
сойти
состоит
среди
среду
срок
ставить
стала
станки
стартапа?
стартапам
стартапов
статичный
статьи
стоимость
стоял
странах:
странный
строке.
строки.
строкой
структуру
сусекам,
сутки
сутки.
сценарий
счастливым
сюдатуда
так
такого
такую
таргетированной
тарифы
те
текущие
тематики
тему
терабайт
тех,
тешилось
товарищ
товарищи!
товаров
тогда
того
той
только
только)
том,
торговая
трансляция
требуется
трудностей,
у
уверенности
увидеть
увидите
удалением
удивила
удивительного:
удобней
уже
узнала
украшений
ума
управляемых
управляющим
успех
успешного
успешном
устройства
участвовать
факт
фактически
фигуры.
фильтра
фильтров
фонарики
фотографии
фотография
фрагменте
фрагментов
фракталы
фрилансеров
функционала
хабре
ходит,
хочет
цветовые
целом.
цифровую
часов,
частенько
части
части,
чего
чей
человека
человека.
чем
через
черно-белую
честь
что
чувствительны
чьи
чём
школу
шумихи
экране
энергии.
эпоху
эта
эти
это
этом
этот
я
язык,
языков
—
←
→
