"выстрел"
"составляющие"
(1
(135)
(Minecraft)
(assets)
(http://sitename.ru/contacts/action:sendform…
(web
(Зачем?
(а
(без
(версия
(дальше
(датировано
(дизайнер)
(имеется
(когда
(комментарий
(кросс-доменные
(на
(не
(по
(продвижение,
(просто
(раздел).
(с
(точнее
*важную*
*должен
+
+1
+10
+11
+12
+13
+15
+16
+17
+18
+2
+3
+31
+33
+4
+43
+5
+52
+6
+7
+8
+9
,
-
/
0
000
00:03#↵↑
00:05#↵↑
01.04.2012
01.05.2012
05.03.2013
06.12.2013
06май
07.02.2012
07май
08май
1
1,
1.
10
10000
109
10:39
10:45
10:55#↵↑
10:58#
11.11.2013
11:03#↵↑
11:07#↵↑
11:11#↵↑
11:12#
11:15#
11:19#↵↑
11:22#
11:23#↵↑
11:32#
11:32#↵↑
11:33#
11:40#
11:46#↵↑
11:55#
11май
12
121212121,
12:00
12:12#↵↑
12:13#↵↑
12:15#↵↑
12:20#↵↑
12:23
12:24#↵↑
12:27#
12:27#↵↑
12:31#↵↑
12:32#↵↑
12:36
12:45#↵↑
12:46#↵↑
12:50
12:58#↵↑
12май
13
13.11.2012
135
13:01#↵↑
13:07
13:07#↵↑
13:08#↵↑
13:11#↵↑
13:21#↵↑
13:25#↵↑
13:36
13:40#
13:43#
13:44#↵↑
13:49
13:51#↵↑
13:56#↵↑
13:59#↵↑
14:00#↵↑
14:05
14:06#↵↑
14:10#↵↑
14:22#↵↑
14:24#↵↑
14:27
14:30#↵↑
14:33#↵↑
14:34#
14:42#↵↑
14:52#↵↑
14:54
14:54#↵↑
14:56#↵↑
14:58#↵↑
15
15:01#↵↑
15:06#↵↑
15:09
15:11#↵↑
15:13#↵↑
15:15#
15:17#↵↑
15:20#↵↑
15:35#
15:42#↵↑
15:45#
15:47#↵↑
16:07#↵↑
16:08#
16:08#↵↑
16:11
16:17#↵↑
16:23#↵↑
16:32#↵↑
17
17:04#↵↑
17:24#↵↑
17:27
17:44#
17:49#↵↑
17:52#↵↑
17:58#↵↑
18:03#
18:05#↵↑
18:17#
18:22
18:22#
18:24#↵↑
18:25#↵↑
18:30#
18:31#↵↑
18:36#
18:47#↵↑
18:49#↵↑
1975
19:00#
19:00#↵↑
19:02#↵↑
19:23#↵↑
19:36#↵↑
19:39
19:45#
19:50#↵↑
19:59#
2
2,
2.
20
20-40
2006–2014
2014
20:03#
20:08#
20:28#↵↑
20:33#↵↑
20:41#↵↑
20:53#↵↑
21-й
21.11.2011
21:08#↵↑
21:18#↵↑
21:26#
21:37
21:58#↵↑
22:10#↵↑
22:34#
22:37#↵↑
23.10.2013
23:43
24
2420
25
25betrachtung
26.10.2013
29
29149
3
3.
30
34.0.1847.131
35.0.1916.86
36
36.0.1970.0)
3D
3D-рисования
40
41
5
50
57,6
642
6758
7
8
80
90%
:(((
:)
<F6>
<br>
<br>(3
=)
>
>>
?
AdBlock
AdRiver
Alex01d,
AlexeiZavjalov,
Alt
Alt+D
Anarchy,
AndersonDunai,
AndrewTishkin,
Android
Android:
Angelore,
AraneusAdoro,
ArtKun,
Aurora.
B
Backbone.js
Beta
Blink.
BloodyHistory,
Brainstorage
Bug»
CD.
Canary
Canary,
CaptainFlint,
Chrome
Chrome*,
Chrome,
Chrome.
Chrome:
Chromium,
ColorPrint,
Ctrl
Ctrl+C
Ctrl+C,
Ctrl+L
Ctrl+L,
Cyapa,
D
Damaks,
DarkByte,
Designer
Devil_Chrono,
Dimox,
DonSinDRom,
Dreddik,
East
Edition,
EvilsInterrupt,
F6
F6,
Firefox
Firefox/Iceweasel
Full
Fx
G+
G+.
GET
Gmail,
Goodkat,
Google
Google+?
Google.
Google;
Google?
HammeremmaH,
Haters
Heartbleed
Hiew
ID
IDA
IE
IT-специалисты
Iron
Kitchen
L,
L.
Leshiy35,
Like.
Linux
Linux.
Live
Loci,
Lumia
Maiden
Mea
Media
Modeler
Mozilla
Mr_Boshi,
Next/Dev-сборках
Node.js»
Nokia
Nordvind,
OS
Offline
Ogi,
Open
OpenBSD
OpenSSL
OpenSource
Opera
Pe4enie,
Play
Pongo,
Pro,
Python
Q&A-сервис
RAM-диск
ReaM,
Recaptcha
ReklatsMasters,
Reply)
Reply?
RomeoGolf,
SCRUM
Safari
Safari@iOS
Shark,
SilverTH,
Simmetry,
Snowindy,
Source:
Streaming
TM
Temych,
Title,
Tor
UI\UX
URI
URL
URL,
URL-а
URL.
URL?
UTM-меток
UX
UX-дизайнер
UX/UI
UXSS
Unity
Upd:
VanyaKokorev,
Version
Vilgelm,
VirtualBox
Web-дизайнер
WinDBG,
X
XSS
Yii2
YouTube
YourSearchExpert,
Youtube
ZaeBest,
Zigmar,
Zyamilon,
about:flags?
address
adic3x,
ads!
akrupa,
alex_blank,
alist,
aml,
and
andrew_lazarev,
anephew,
angular.js
back
background
bar
berezuev,
beta-m
betrachtung,
braindrain,
category.
cats
chrome,
chrome://flags/#origin-chip-in-omnibox
combined
cookies
corsairdnb,
css
ctrl+shift+b
ctrl+tab,
ctrl-L,
culpa,
de_arnst,
designer)
dev
dev-mode
dimmi,
django-cms
domain.ru/category/page.
email»
enemo,
enter.
event
farcaller,
fasebook.com
fasebook.com/someuser/posts/1234567890?stream_ref=1
feedborg,
fenrillium,
fetis26,
get-параметры
get-параметры,
gmail
gonna
google
google,
google.
google.maps
graphics
h1/h2
habrahabr.ru/post/221603/#comment_7552389
hate,
html
http
http,
http-запросов,
http://
https:,
https://en.wikipedia.org/wiki/Main_Page?=PHPE9568F34-D428-11d2-A769-00AA001ACF42
httt://originalsite.org/pay?param=http://fishingsite.org
i.imgur.com/WsrFNbq.png
i.imgur.com/mh88GOP.png
iago,
ilyabirman.ru/projects/addressbar/.
image
imater,
in
indexedDb
instead
jMas,
jacob1237,
k0t,
k1b0rg,
krox,
liss_mouse,
litos,
lucius,
luckyredhot,
m
m1el,
maps,
maps.
marapper,
might,
neuotq,
newcommer,
now
of
opera://flags/
outstanding?
page
pages,
param
php
plain
play?
ractive.js,
reinvigorate,
root
sails.js,
script88,
search
semmaxim,
sferrka,
shows
site:domain.ru»).
slaum,
smm
ssh4,
text
theproof,
title
title).
title,
title.
uoziod,
url
url,
url.
v_decadence,
valplo,
vlivyur,
vp_arth,
vsb,
woocommerce
wrewolf,
www.20thingsilearned.com/ru-RU
www.google.es/search?q=%D1%85%D0%B0%D0%B1%D1%80%D0%B0%D1%85%D0%B0%D0%B1%D1%80&oq=%D1%85%D0%B0%D0%B1%D1%80%D0%B0%D1%85%D0%B0%D0%B1%D1%80&aqs=chrome..69i57j69i65l3j69i61l2.2385j0j7&sourceid=chrome&es_sm=0&ie=UTF-8
yandex.картах
yii?
you
youtube
zodiac,
©
«Esc»
«SCRUM:
«The
«Tittytainment»
«https»-то
«originalsite.org»,
«Если
«Интернет»
«Киев
«Копировать»,
«Поделится»
«Почему
«Разумеется,
«банк»,
«важной
«важную»
«введите
«вкантахтик»,
«запрос
«классической»
«левые»
«музончик»
«наплевательских
«обрезанный»
«пакращення»
«почта»,
«принципах
«продвинутым
«разумеется»
«разумеется».
«сделать
«скопируйте
«смищные
«удобно»),
«фичу»,
А
А,
Алгебраично
Бейсику!
Бернерс
Бесплатный
Бжезинский
Биржа
Ближайшие
Богу,
Более
Браузеры*
Будет
В
ВООБЩЕ
ВОООБЩЕ
Важная
Вам
Вас
Веб
Веб-дизайнер
Веб-разработка
Вебинар:
Вебразработчикам
Ведь
Вероятно,
Версия
Весь
Видимо,
Владельцы
Вместо
Воздержалось
Возможно
Войдите,
Войти
Вообще
Вообще,
Вопросы
Вот
Вполне
Все
Вы
Вы,
Вышел
Графеновый
Гугл
Гугл,
ДТП,
Да
Да,
Давно
Даты
Деза?
Дизайнер
Для
Добавление
Доказательство
Домохозяйки
Допустим,
Доработать
Доработка
Если
Ещё
Ждём
Жутко
За
Заголовок
Заказы
Заодно
Зачем
Зачем?
Зашив
Здравствуй
Знаю
И
Из-за
Или
Имелось
Иногда
Интерфейсы*,
Инфо
История
К
Каждый
Как
Какие-то
Каким
Какой
Какую
Кликнуть
Кнопки
Ко
Когда
Компании
Компания
Компания,
Компьютер
Конечно,
Конкурс
Короче,
Корпоративные
Красота
Кросбраузерный
Куда
ЛКМ):
Ли
Либо
Лишних
Лучшее
Лучшие
Льготы
Майнкрафт
Меньше
Минималисты
Мне
Мне,
Мобильная
Мобильные
Может
Можно
Мосигра
Моя
На
Навигация
Надеюсь
Надеюсь,
Находясь
Начиная
Не
Неотключаемая.
Неприязни
Нет
Неудобно.
Но
Но,
Новая
Ну
О
Обидно,
Объяснить
Одно
Она
Они
Оно
Организовать
Особенно
От
Отвечу
Отзывы
Отображение
Очень
Первая
Перенос
Переписать
Переписывался
Песочница
Плевать
По
Поддерживаю.
Подозреваю
Пожалуйста,
Поиск
Показывает.
Полностью
Пользователи
Пользователь
Поменять,
Помощь
Пора
После
Последний
Последняя
Посмотреть,
Посты
Потому
Походу
Похожие
Почему
Поэтому
Появляется
Правила
Предполагается,
Приходится
Причина
Проблема
Проверил
Проголосовало
Продажа
Продолжаем
Проект
Прототип
Пусть
Путешествия
Пятьдесят
Рабочее
Разве
Разделы
Разработать
Разумеется,
Распространённый
Расширения
Регистрация
Реклама
Ровно
С
Самая
Сделать
Сейчас
Семинары
Ситуации,
Скопировать-то
Следовательно,
Сложно
Служба
Собственно,
События
Совсем
Соглашение
Создайте
Создание
Создаём
Спасибо,
Специально
Спецпроекты
Стоит
Судя
Счет
Так
Так,
Также,
Тематические
Тенденция
Теперь
Теперь,
Тиму
То
Только
Тут
Тьфу.
У
Убрали
Убунта,
Ужасно
Уже
Украины
Упрощают
Урлы
Услуги
Установил
Учитываются
Уютная
Фича
Флаги
Хабрахабр
Хабрахабре
Хабы
Хотя
Хром
Хромимум.
ЧПУ
ЧПУ,
ЧЯДНТ?
Чем
Честно
Честное
Что
Что-то
Чтобы
Шикарно,
Энциклопедия
Это
Я
ЯБ
Яндекс-браузере
Яндекс.Браузере
а
а)
абсолютные
авто
автоматически
автомобилю
автопилотом.
автор
авторизован
автофокус
адрес
адрес,
адрес.
адреса
адреса,
адреса.
адресе
адресная
адресной
адресную
адресом
адресом.
адресу
адресу.
аккаунт
аккумулятора
аккумулятора.
активируется?
активной
алгоритм
андроида
андроиде
анкеты
ап
апдейт/стоп
апреля
апреля).
аргумент
аргумента,
аргументированный
ассоциации
атаки
аудиторию
б)
баг
баллов<br>
бан
банально
банк,
баннеров
без
без)
безграмотных
безопасности
безопасности,
бек
белого
беременность
бесит.
бета-ветка,
блогах
блокирует
бог,
более
большая
больше
больше.
большинства
большинстве
большинство
большинство.
большинству
большое
бортовой
боюсь,
браво!
браузер
браузер,
браузер.
браузер?
браузера.
браузерах
браузере.
бред
бред,
будет
будет,
будет.
будете
буду
будут
будущего:
букв,
буква
букву
буквы
букмарки.
бы
быдло-кодерстве,
был
была
были
были.
было
было,
быстро
быстрого
быть
быть*
бэкап.
в
важен
важно
важно,
важную
важны.
вакансии
валиден.
валидность
вам
вами.
вариант
варианта?
варианте
варианте,
варианту,
ваш
вашего
введением
введет
ввела
ввели
ввести
ввиду
ввода
ввода,
ввода.
вводить
ввожу
веб-адрес.
веб-разработки
веб-серфинг
вебинар:
ведет
ведь,
везде
вектор
верить,
вернули.
вернуть
вероятнее
вероятно
версии
версии,
версию
версия
версия,
верстальщик?
весь
ветки.
ветку
ветку.
вещами,
вещи,
взаимодействие
взаимодействии
взгляд,
взглянуть?
вид
вида
вида:
видать
виде
виде,
видел,
видели
виден
видеоролик
видеороликов
видеть
видимо
видимости,
видит
видно
виду
виду,
виду.
виду?
википедия,
винды
вкладка
вкладкам
вкладками
вкладке.
вкладки,
вкладки.
вкладки?
вкладку
вкладку,
вкладку.
вкладок
вкладок.
включения
включено
включилась
включить
владельцу
вместо
внезапно
вниз
внизу.
вникать
внимание,
внутренней
внутри)…
внятной
во
возвращается
возвращаешься
возможно,
возможности
возможность
возможностью
возразить
войти
вообще
вообще,
вопрос
вопрос:
воспользовался,
вот
вполне
времени,
времени.
время
время,
время?
все
всегда
всего
всей
вселенная
всем
всему
всех
вскоре
вспомню.
вспомогательная
всрались,
встреча
всю
всё
всё-равно
вчера
вшитых
вы
выбирал
выбор
выбрал
выводится
выводят
выданным
выделен,
выделенные
выделить
выделяется
выделяется,
вызывать
выйдет
выкатится…
выкинули
выключил,
выключить.
вынесено.
вынуждены
выпились
выпустят
вырезав
высоком
выше
выше)
выше,
выше.
вышла
выяснить.
где
главной
глобусу
говорили
говорите
говорить
говоря,
год
год.
году.
голову.
голосования
гораздо
горячие
готовеньким.
готово.
гранью
грядет
гугл
гугл,
гугла
гугле
гугле,
гуглить,
гугловским
гугловских
гуглу
да,
давая
давно
давно.
давным
даже
дай
далее
далее,
дали.
дальности
данный
данных
данных,
датчика
дать
два
девелоперов
девелоперов)
действий
действительно
действительности,
делаем
делается
делал
делать
делать,
делают
делают,
делают?
дело
денег
денег.
день
день,
дергадацию
дерьмо
дерьмово.
дескать,
детской
дизайн
дизайнер
дизайнерских
дизайны
дитя
длинных
для
дня
до
добавив
добавил
добавить
дойдёт
докатились
должен
должно
домен
домен,
домен-организацию
домен.
домена
домена.
домене
домене.
доменное
доменом.
домену
домену,
домино
домохозяек
домохозяек,
домохозяек.
домохозяйке
домохозяйки-то
дополнительно
достаточно
доступа
доступным
друг
друга
другие
другими
других
другой
другом
другому
дружелюбная
друзьями.
думаю,
думают
дурак
его
едит
ее
ей
ему
если
есть
есть,
есть.
есть?
ехать
еще
ещё
её
ж
же
же,
же.
желании
желательно.
женщина
жили
жутко
за
забиваются
забить.
заведется
зависимости
зависит
заводятся
загнутым
заголовками.
заголовки
загружаюсь
загуглить.
задачи
задумываться
заказчикам
заказы
заканчивая
закладки
закладки,
закладок
закопать
закрытия:
залезть
заменит
заметил
заметят
замечательного
заниматься
запамятовал,
записи
записи,
заполнять
запрос
запрос.
запросы,
запускает
запустить
заработали
заработать
зарегистрирована
зарегистрированные
заряда
заряде
засирается
затем,
зачем
зашибись.
зашибись»
зверюшка,
здесь
зимой
знает
знаете,
знал
знать
значит,
знаю
знаю,
знают,
зрения
и
ибо
ибо,
игр
играть.
игре
идентификации
идет
идея
идея:
идиотов
ие
из
из-за
изделий
изменеий?)
изменить
изменён)#
изменён)#↵↑
измерители
измерять,
изначально
изредка
иконки
иконку
или
им
имбецилов,
имеет
имел
имели
именно
имеют
имхо,
имя
иначе
иногда
инпута?
инструкций
инструмент
инструментов,
интересно
интересного
интернет
интернет,
интернета
интернета»
интернете.
интерфейс
интерфейсах
интерфейсов
информативнее.
информативности,
информацией»
информацию
информацию.
информацию?
информация
информация,
инфракрасного
инэт
искались
искать
исключительно
использовала
использования.
использовать
используется
используя
исправил,
исправить
испытаний
испытывает
истек
источник.
источника.
источником
исходная,
исходники?
исчезают.
исчезли.
исчезновения
итоге
их
июля.
к
каждой
каждую
кажется
кажется,
как
как,
как-то
какая-то.
какие
какие-то.
каким
каким-то
каких
какой
какой-либо
какой-нибудь
какой-то
каком
каком-либо
какую-то
канарейке.
канваса
картах
картинке
картинки»
карту
кастрацией
категорически
кафе
качают
квадратный
кириллической
кишки
клавиши
классического
клиент
клик
клика
клика.
кликать
кликать…
клике
кликнув
кликнул
кликнуть
кликов
кликом.
кликом?
клику:
ключом,
кнопка
кнопке
кнопки
кнопкой
кнопку
кнопочка
кнопочкой
когда
код,
кода
кожи
количество
команду
комментарии
комментарии,
комментарии.
комментария
комментариям
комментаторов
комментаторы
комменты
коммерческая
компании
компаний,
компания
компания,
компенсировать
компьютер
компьютере
компьютерную
конечно
конечном
конкретной
конкретную
конкретные
конкурентам
консерватизме
консьюмеризации
контентом
контрол
концертных
копировании
копирования
копирования.
копировать
копирует
копирую
корне
коробки,
коробки.
корпоративных
костей
которая
которой
котором
которые
который
которым
которых
крайней
красивее.
красноглазых.
красоте
кредитки,
крестик,
критично,
кросс-доменное
крошки,
крупных
круто,
кто
кто-то
куда
курсор
кусок,
левым.
легко
легче
лет
летом
ли
ли?
ли?).
либо
линк
линуксе
листка
листов?
лично
лишний
лишним
лишь
логику
логина/пароля/данных
логичнее
логично.
логотип
лубочная
лучшее
лучшие
лэптопах
любимые
любое
любой
любом
любому
людей
людей,
люди
люди,
людях,
максимальное
маленькая
мало
мама,
манера
маниакальная
маркетинговых
маркетологов
маршрута
массовых
массы
материала,
махинации,
мая
между
менее
менее,
меньше.
меню
меня
меня,
менять
мере
места
места,
местам,
месте
местом
механику.
мешает
мешает.
миллионом
миллионы
минимум
минимум,
миров
миф
мне
мне,
мне.
мнение
мнению
мне…
много
многофункциональные
мобильной
мобильный
мобильных
могла
могли
могу
могу.
могут
моей
моему,
может
можно
мозги
мой
молодцы,
молю
момент
момента
моя
моё
моём
музыки
мы
мыши,
мышкой).
мышкой,
мышкой-то
мышью
на
набирают.
набор
набрал
набрать
наведён
наверное
наверное,
наверху,
навигацию
наводишь
навязывая
надеюсь
надеюсь,
надеялся,
надо
надо,
надо.
нажата
нажатии
нажатию
нажатия
нажать
нажимаю
назвал
название
название.
названием
называть
называются
найти
накинулось.
намного
нано-двигатель
наоборот
напечатать
написано
написано.
написаны
написать
напишите
направлении.
направляющихся
например,
например.
напряжение
нарушает
нас
населения
насколько
настроить
настройках,
настройки
настрою
нафиг
нафиг.
находишься
нахождении
нахожусь
начал
начале
начали
начиная
нашего
не
не.
не?
небезызвестный
невозможно.
него
него.
недавно
недалекого
нежели
неинтуитивные
ней
некоторое
некоторые
некоторых
нельзя
нем
нему
ненужные
ненужных
необходим
необходимости
необходимый
неотъемлемой
неплохое
непонятные
непонятных
непривычно.
непродвинутых
несколько
несмотря
нет
нет,
нет.
неудобно
неудобно,
неудобно.
неудобным
ни
никак
никак,
никак.
никаким
никогда
никогда)
никому
никто
никто.
никуда
нифига
ничего
ничего,
но
новая
нововведение
нововведение,
нововведением
нововведения.
нового
новое.
новой
новом
новую
новшества.
новый
новых
ног
нормальной.
нравилось
нравится
нужен
нужна,
нужно
нужно,
нужного
нужную
нужную,
нужны
нужны.
нужным
о
обезопасить
обзавелись
обкатывается
обоих
образом
обратно
обратной
обращать
обрезалка
обрезанную
обсуждаемой
обсуждают?
обучать
общем,
общем-то.
объединения
объединили
объективно
объяснить
объяснять
обывателя
обычно
обычному
обычный
обычных
огромная
один
один.
одинаково.
одна
однако,
одним
одних
одно
одного
однозначно
одной
одном
одному
одну
окажусь
оказывается
он
он.
она
они
онлайн
опера
операторов
опере
оперой
оперу
оперы
оплатить
оплату
оплату.
оплачивают
определит,
определить
определяете
опросе.
оптимизация
оптимизировать.
опубликовал
опубликованных
опцию,
опция
оригинального
оригинальной.
оригинальный
ориентиры,
осложнена.
основная.
основной
основным
особенно
осознанности
оставить
оставленные
оставлять
оставляя
остался
остальной
остальные.
останется
остаётся
остаётся.
осуществляться
от
отбирает
ответ
ответ,
ответить
ответить,
отвечал,
отвечать
отделенные
отдельно
отдельную
отдельный
отключаемая,
отключается
отключается.
отключении
отключено
отключить
отключить.
откроет
открываешь
открывать
открывать,
открываю
открыта
открытии
открыто
открытой
открытых
открыть,
отличие
отменял
отметить,
относительно
относитесь
отношении
отображается
отображался,
отображать
отображаться
отображение
отображения
отображения»
отобразится
отражаться
отредактировать
отсекают
отсутствие
отсутствием
оттенков
отуплять
оценит
очевиден.
очевидна.
очевидно.
очевидный
очень
очередь.
ошибкой.
памяти,
память
панель
паралогика
параметр
параметров
параметры
параметры,
паролей
партнеров
парят,
паур-юзеру,
паур-юзеры
первого
первый
первыми
перевода,
передает
переданный
перезагрузку?
перезапустить
переключатель
переключении
переключится
пересел
перестал
перехода
переходов
перечеркивает
перешла
перспективе
пираты
писал
писать
писать,
пкм
плагин.
плакать
платформы
плохая
плюшку
по
по-другому
поведусь
под
подгружать
поддельную
поддержки
поддоменах
поделиться
поделки
подменена
подмену?
подмены.
подменю
подобная
подобное
подписчиков
подумал,
подумать,
подход
пожалуйста.
позволит
позволить,
позволяет
поиск
поиск,
поиска
поиска.
поисковике
поисковики
поисковиков?
поисковику,
пойдет
пока
покажет
показа
показать
показать/скопировать
показыавет
показывает
показывалась
показывать
покаывает?
полезет
полем
полного
полностью
полноэкранному
полный
полным
полными
половине
положился
поломался
полумеры.
получится
получить
получиться,
пользовался
пользователей
пользователей,
пользователей.
пользователей:
пользователем.
пользователем».
пользователи
пользователь
пользовательских
пользователю
пользователю,
пользователю.
пользователю?
пользователя
пользователя.
пользователям
пользователям.
пользоваться
пользоваться.
пользу.
пользуюсь
полю:
поля
поможет
помощник
помощью
поначалу
понимал
понимать
понимаю
понимаю,
понял,
понятную
понятные
понятными
понятных
понять
понять,
попадания
попасть
пор
пор,
порядка
посетителей,
посетить
после
последнее
последней
последних
последнюю
посмотреть
посмотреть,
пост
пост:
поста
поста,
поставить
постах
постепенно
постоянную
построения
посты
посты,
постыq&aсобытияхабыкомпании
посчитали,
потери
потом
потому
потому,
потребителю,
потреблении
пофигу
пофиксит
похоже,
почему
почему-то
почте,
почти
почтой
почту,
пошёл
поэтому
появления
появляется
появлялась
появлялись,
правда
правило,
правильно
правильно?»
правой
практике
практики
практически
пребывание
превратилась
превращается
предлагаю
предложить
представления
представляется
представляющая
предусмотрительно
прекращения
прессингом
при
привели
привычная
придется
приемлемо.
приложение
приложений
приложения
пример
примерно
принадлежит,
принудительный
принципе
принципы
прислать
приучает
приходится
приходится.
причем
причины
причём
пришлите
пришлось
про
пробежаться
проблем
проблем,
проблема
проблему?
пробная
проверил
проводнике
провокация
программирование,
прогресс
продвигают
продвинутый
продвинутым
продолжал
продолжают
продуктов
проект
проекта?
проекты.
происходит
прокатывает,
прокликивания
прокликивать
прокси
промахиваться.
проникновение
пропаганду
пропихнули?
пропустит
пропустить
проследить
просматриваемому
просто
просто:
простой
простому
простые
против
протокол
протокола
протокола,
профилей
проходит
прохождении
процесс
процесс,
процессором,
проч.)
прочему
прочими
прошедшие
прошлым
проще
проще.
прятать
публикации
публикации).
пусть
пути
путь,
путь.
пытается:
пытался
пытаются
работает.
работает?»
работать
работают,
работу
работы,
равно,
равно:
равносильно
рад,
рады.
раз
раза
разберутся
развернутый
разделам
раздражает,
различных
разные
разных
разрабом,
разработке
разработке.
разработчики
разработчиков
разработчиком
разумная.
рамки
раньше
раскрытие
раскрыть
располагает
расходоваться
расширение
расширении
расширений
расширения
расширения).
расширения,
расширениями.
расширять
реакцию
реализовали
реализовано)
реальным
регистрации
редактируется,
редакции
редко,
режиму.
результаты
реклама,
рекомендаций
релизе.
ресурсам
рецепты
речь
речь?
решение
решение.
решил
реюзать
роликов
ручка
ряд
рядовой
рядом
с
сайт
сайт.
сайта
сайта.
сайтах
сайте
сайте,
сайтов
сайтов,
сайту
сайту,
сайты
сайты,
сам
самое
самом
саму
самым
санкции
сантиметр
сборка
сверх
свободного
сводится
свой
своё
связано
связать
связи
священный
сделал
сделали
сделано
сделать
сделают
себе
себя
себя.
сегодня,
сегодняшний
сейчас
сейчас,
секунд
секундный
сео-специалистов
сервером
сервис
серебра
серой
сертификата.
серфинга,
серфю,
серфят,
сети.
сигнализация
сидят
сильно
символов
символы),
синей
синтаксисе
ситуации
ситуацию,
сих
сказать,
скатился
складывают
сколько
скопированном
скопировать
скопировать.
скопирует
скорее
скринам,
скриншот:
скриншота
скриншоте
скриншоту,
скриншоты
скрипт
скрывает
скрывался
скрывать
скрывать?
скрываются
скрыто
скрыть
слава
слева
следующий
слижут
слово,
сложнее
сложно!
сложно.
случае
случаев
случай
случаях
случаях.
слушать
слэша»
слэшем?
см
смешно.
смог
смоделировал.
смоделировать
сможем
смотреть
смотреть.
смотрят
смысл
смысла
сначала
снижения
снилось,
снова
со
собачьим?
собирается
собственно,
собственной
события
совершенно
современных
согласен.
содержимое
содержимое.
содержимым
соединением.
сожалению,
создании
создаст
сойти
сокрытие
соц.сетях,
социальную
список
спокойно
способствовать
среда,
среди
среднего
среднему
срок
ссылки
ссылку
ссылку?
стабильную
стал
стала
стали
стало
стандартные
становится
станут
старался,
старания
стартапа?
стартапам
статье
стоит
стоит.
стоке
столько
стороннее
сторонние
сторонним
сторону
стороны
страдали.
страдают
страница
страницах,
странице
странице,
странице.
страницу
страницу,
страницы
страницы,
страницы.
страницы?
странная
странно,
страшилки
страшный
стрелкой
стремится
строка
строка.
строке
строке,
строке.
строки
строки,
строки.
строкой
строку
строку,
строку.
субъективное.
судить
судя
сутки.
суть
схема
схему
схемы?
сценарии
счетов
считает,
считаю
считаю,
счёт
счёту
сыр…
т.д.
т.е.
т.к.
т.п.
та
таббар
таблицы
тайтл
тайтл,
тайтл?
так
так.
такая
также
такие
таким
таких
такого
такое
такое.
такой
таком
такую
там
тарифы
те
текст
текст,
тексту
текущей
текущий
текущую
телефонных
телефону
тем
тем,
тематики
тематических
теме
тенденция
тенденция,
теперь
теряешься
теряться
теста
тех
тех,
тешилось
то
то,
то-то
то-то»
тогда
тогда,
того
того,
тоже
только
том
том,
тому
топика
тормозит
торт.
тот
точку
точно
традиционного
трафика,
требованием
требуется
трекер.
тренд
третьей
три
тридцатым
туда
туеву
тупого
турах
тут
ты
тыкать?
у
убирайте
убиралась
убрали
убрать
убунту?
увеличить
уверенности
увидеть
увидеть,
увидит
уголком
угрозой
удалить
удобнее
удобнее,
удобнее:
удобнее?
удобней
удобно
удобно,
удобно.
удобно?
удобного
удобным
уж
ужасно
ужасно,
ужасно.
уже
узнавать
уйдут…
указано
указывать
украшений
улучшений.
ума
уместен
умеют.
умеющие
умолчанию
умолчанию.
умудряются
управлением
упрекать
упрощают
упрощают.
урл
урл.
урла.
урлы
условиях,
условиях»,
успешном
устанавливал,
установить
устраивает,
утверждение
уходит
ухудшится.
участвовать
учат,
учетной
учетных
учится
учить
ушел
уязвимость
фаерфокса
фальшивый
фантастика
фигни.
фитчу
фич-реквест
фича
фича),
фичей
фичи
фичу
фишинг
фишинг-сайты…
фишинга.
фишинговый
фишинговых
фишингу.
фишка
флаг
флаг:
фокса.
фокусе,
форвард/бэк
форкнуть
форумах
фракталы
фрилансеров
функции.
функций
функционала
функциональных
функцию
функция.
хаб
хакеру
хватает
хватило.
хлебные
хлеще,
хм?
хорошего.
хотел
хоть
хотя
хотя-бы
хотят
хотят,
хочет
хочет,
хочется
хочу
хранение
хреновы.
хреновый
хрень
хром
хром.
хрома
хроме
хромиум
хромом,
хуже
хуже,
хучу
целый
цель
целью
часа
части
часто
часть
частью
частями
чего
чей
человек,
человек.
человека
человека.
человекам
человеко-понятные
чем
через
чертям
чертям,
честно
числе,
чобы
что
что,
что-нибудь
что-то
что:
чтоб
чтобы
чудо-машиной
чужом
чуть
чём
шаг
шифрование,
шлёт
шорткат
экономии
экспериментируют,
электричество
элементов
энтузиазмом
эта
эти
этих
это
это:
этого
этой
этом
этому
этот
эту
юзабилити
юзеров
юзеру
я
я,
является
являлся
явно
языке,
яндекс
яндекс.браузера
яндексе,
яндексе.
–1
–10
–15
–17
–2
–3
–4
–5
—
